// Jest Snapshot v1, https://goo.gl/fbAQLP

exports[`<LaunchItem/> render ListItem with mission stub 1`] = `
<div>
  <div
    class="list-item"
  >
    <div
      class="mission-patch"
    >
      <img
        alt="mission picture"
        src="https://images2.imgbox.com/9a/96/nLppz9HW_o.png"
      />
    </div>
    <div
      class="mission-name"
    >
      Starlink 2
       #
      87
    </div>
    
    <div
      class="year-field"
    >
      <span
        class="launch-year"
      >
        Launch Year :
      </span>
      <span
        class="data-values"
      >
        2020
      </span>
    </div>
    <div
      class="launch-success-field"
    >
      <span
        class="launch-success-label"
      >
        Successful Launch :
      </span>
      <span
        class="launch-data-values"
      >
        True
      </span>
    </div>
    <div
      class="launch-success-field"
    >
      <span
        class="launch-success-label"
      >
        Successful Landing :
      </span>
      <span
        class="launch-data-values"
      />
    </div>
  </div>
</div>
`;
